a is a perfect square
natural log of a
0.0

a is a perfect square
natural log of a
1.3862944

a is a perfect square
natural log of a
2.1972246

4.0
6.0