Enter the Weather in Fahrenheit
25.0
Temperatures in Celsius
-3.8888888
It is below freezing temperature.