4096.0
6561.0
10000.0
14641.0
20736.0
28561.0
38416.0
50625.0
65536.0
83521.0
104976.0
130321.0
160000.0
194481.0
234256.0
6.0