Gross Sales $
100000.0
Cost of Goods that were Sold $
40000.0
Corporate Expenses $
10000.0
Gross Income $
60000.0
Net Income $
50000.0